// Jest Snapshot v1, https://goo.gl/fbAQLP

exports[`Render DesktopNavigation 1`] = `
<div
  className=""
  id="DesktopNavigation"
>
  <ul>
    <li>
      <a
        href="#About"
      >
        About me
      </a>
    </li>
    <li>
      <a
        href="#Skills"
      >
        Skills
      </a>
    </li>
    <li>
      <a
        href="#Projects"
      >
        Projects
      </a>
    </li>
    <li>
      <a
        href="#Experience"
      >
        Experience
      </a>
    </li>
  </ul>
</div>
`;
