// Jest Snapshot v1, https://goo.gl/fbAQLP

exports[`Render Card 1`] = `
<div>
  <div
    className="card"
  >
    <a
      className="card__link"
      href="Link!"
    >
      <div
        className="card__content"
      >
        <img
          src="Image!"
        />
        <div
          className="card__text"
        >
          <h2>
            Title!
          </h2>
          <p>
            Subtext!
          </p>
        </div>
      </div>
    </a>
  </div>
</div>
`;
