// Jest Snapshot v1, https://goo.gl/fbAQLP

exports[`Render HomeIcons without icons 1`] = `
<div
  className="homeIcons"
/>
`;
