// Jest Snapshot v1, https://goo.gl/fbAQLP

exports[`Render HomeIcon without props 1`] = `
<div
  className="homeIcon"
>
  <a
    className="homeIcon__link"
  >
    <img
      className="homeIcon__icon"
    />
  </a>
</div>
`;
