// Jest Snapshot v1, https://goo.gl/fbAQLP

exports[`Render Project 1`] = `
<div
  className="project"
/>
`;
