// Jest Snapshot v1, https://goo.gl/fbAQLP

exports[`Render Skill with only a title 1`] = `
<div
  className="skill"
>
  <div
    className="skill__title"
  >
    Title!
  </div>
  <div
    className="skill__description"
  />
</div>
`;
