// Jest Snapshot v1, https://goo.gl/fbAQLP

exports[`Render Contact page 1`] = `
<div
  id="contact"
>
  Contact component
</div>
`;
