// Jest Snapshot v1, https://goo.gl/fbAQLP

exports[`Render Skills page 1`] = `
<div
  id="skills"
>
  Skills component
  <PrevPage
    float={true}
    route="/"
    text="Homepage"
  />
  <NextPage
    float={true}
    route="/experience/"
    text="Experience"
  />
</div>
`;
