// Jest Snapshot v1, https://goo.gl/fbAQLP

exports[`Render SplashPage 1`] = `
<div
  className="splash__hidden"
  id="splash"
>
  <div
    className="splash__background one"
  />
  <div
    className="splash__background two"
  />
  <div
    className="splash__content"
  >
    <p
      className="splash__text one"
    >
      <span
        className="splash__words one"
      >
        What is a perfect website? 
      </span>
      <span
        className="splash__words two"
      >
        The answer is a 
      </span>
      <span
        className="splash__words three"
      >
        <i>
          memorable
        </i>
        , 
      </span>
      <span
        className="splash__words four"
      >
        <i>
          simplistic
        </i>
        , 
      </span>
      <span
        className="splash__words five"
      >
        <i>
          intuitive
        </i>
        , 
      </span>
      <span
        className="splash__words six"
      >
        and 
        <i>
          fast
        </i>
         
      </span>
      <span
        className="splash__words seven"
      >
        user experience. 
      </span>
      <span
        className="splash__words eight"
      >
        My goal is to create that perfect website for your business.
      </span>
    </p>
    <p
      className="splash__text two"
    >
      <span
        className="splash__words nine"
      >
        Hi, my name's Robby. I'm a freelance front end developer. If you've been searching for someone to design an elegant website or web app that your clients will love, your search is over.
      </span>
    </p>
    <p
      className="splash__name"
    >
      Robby Bergers.
    </p>
    <button
      className="splash__to-site"
      onClick={[Function]}
    >
      Learn more →
    </button>
  </div>
</div>
`;
