// Jest Snapshot v1, https://goo.gl/fbAQLP

exports[`Render Footer 1`] = `
<div
  id="footer"
>
  <div
    class="footer__logos"
  />
  <div
    class="footer__copyright"
  />
</div>
`;
