// Jest Snapshot v1, https://goo.gl/fbAQLP

exports[`Render LogoBar 1`] = `
<div
  id="logo-bar"
>
  <ul>
    <li>
      <a
        href="https://www.github.com/robbyb97"
        target="_blank"
      >
        <img
          src="/dist/images/icons/github.svg"
        />
      </a>
    </li>
    <li>
      <a
        href="https://www.linkedin.com/in/robbyb97"
        target="_blank"
      >
        <img
          src="/dist/images/icons/linkedin.png"
        />
      </a>
    </li>
  </ul>
</div>
`;
