// Jest Snapshot v1, https://goo.gl/fbAQLP

exports[`Render Experience 1`] = `
<section
  className="experience"
  id="Experience"
>
  <Divider
    section="experience"
  />
  <div
    className="experience__blurb"
  />
</section>
`;
