// Jest Snapshot v1, https://goo.gl/fbAQLP

exports[`Render FixedModal 1`] = `
<aside
  className="fixedModal"
>
  <div
    className="fixedModal__modal inactive"
  >
    <button
      className="fixedModal__close inactive"
      onClick={[Function]}
    >
      Ã—
    </button>
  </div>
</aside>
`;
